Sun Aug 16 05:41:08 PM PDT 2026
phoenix-07.prism
/private/groups/russelllab/jodie/scRNAseq/Lum_et_al_2027_scRNAseq_Wolbachia_infected_embryos_and_primary_cell_lines
=== memory ===
               total        used        free      shared  buff/cache   available
Mem:           2.0Ti       482Gi       1.2Ti       709Mi       343Gi       1.5Ti
Swap:           31Gi       866Mi        31Gi
Using local scratch: /data/tmp/dmel_dsim_rbh_36792030
Filesystem        Size  Used Avail Use% Mounted on
/dev/mapper/data   14T  637G   14T   5% /data
=== copying inputs to local scratch ===
--- [copy dmel fasta] starting (Sun Aug 16 05:41:08 PM PDT 2026)
--- [copy dmel fasta] done (Sun Aug 16 05:41:10 PM PDT 2026)
--- [copy dmel gtf] starting (Sun Aug 16 05:41:10 PM PDT 2026)
--- [copy dmel gtf] done (Sun Aug 16 05:41:11 PM PDT 2026)
--- [copy dsim fasta] starting (Sun Aug 16 05:41:11 PM PDT 2026)
--- [copy dsim fasta] done (Sun Aug 16 05:41:13 PM PDT 2026)
--- [copy dsim gtf] starting (Sun Aug 16 05:41:13 PM PDT 2026)
--- [copy dsim gtf] done (Sun Aug 16 05:41:16 PM PDT 2026)
--- [gffread dmel] starting (Sun Aug 16 05:42:46 PM PDT 2026)
FASTA index file dmel_genome.fasta.fai created.
--- [gffread dmel] done (Sun Aug 16 05:42:48 PM PDT 2026)
--- [gffread dsim] starting (Sun Aug 16 05:42:48 PM PDT 2026)
FASTA index file dsim_genome.fasta.fai created.
--- [gffread dsim] done (Sun Aug 16 05:42:51 PM PDT 2026)
--- [sanitize dmel proteins] starting (Sun Aug 16 05:42:51 PM PDT 2026)
[dmel_proteins.raw.fasta] 30845 sequences, 583 contained non-standard characters, 2084 character(s) replaced with 'X', re-wrapped at 60 cols -> dmel_proteins.fasta
  replaced character counts: '.':2084
  longest sequence: 22949 aa, >FBtr0332345
--- [sanitize dmel proteins] done (Sun Aug 16 05:42:57 PM PDT 2026)
--- [sanitize dsim proteins] starting (Sun Aug 16 05:42:57 PM PDT 2026)
[dsim_proteins.raw.fasta] 26225 sequences, 84 contained non-standard characters, 99 character(s) replaced with 'X', re-wrapped at 60 cols -> dsim_proteins.fasta
  replaced character counts: '.':99
  longest sequence: 18666 aa, >XM_039292872.2
--- [sanitize dsim proteins] done (Sun Aug 16 05:42:59 PM PDT 2026)
gffread extracted 30845 dmel proteins, 26225 dsim proteins
[dmel.gtf] 35736 total id -> gene_id pairs (531707 transcript_id rows, 0 protein_id rows seen)
NOTE: no protein_id attribute found in this GTF -- gffread -y will fall back to transcript_id for FASTA headers here, which this map already covers.
[dsim.gtf] 55015 total id -> gene_id pairs (427044 transcript_id rows, 213423 protein_id rows seen)
--- [diamond makedb dmel] starting (Sun Aug 16 05:43:21 PM PDT 2026)
diamond v2.2.5.185 (C) Max Planck Society for the Advancement of Science, Benjamin J. Buchfink, University of Tuebingen
Documentation, support and updates available at http://www.diamondsearch.org
Please cite: http://dx.doi.org/10.1038/s41592-021-01101-x Nature Methods (2021)

#CPU threads: 64
Scoring parameters: (Matrix=BLOSUM62 Lambda=0.267 K=0.041 Penalties=11/1)
Database input file: dmel_proteins.fasta
Opening the database file...  [0s]
Loading sequences...  [0.049s]
Masking sequences...  [0.165s]
Writing sequences...  [0.013s]
Hashing sequences...  [0.003s]
Loading sequences...  [0.001s]
Writing trailer...  [0.001s]
Closing the input file...  [0s]
Closing the database file...  [0s]

Database sequences  30845
  Database letters  20393746
     Database hash  4a16f2734cee70b8c8dd30ded54e4be8
        Total time  0.236000s
--- [diamond makedb dmel] done (Sun Aug 16 05:43:23 PM PDT 2026)
--- [diamond makedb dsim] starting (Sun Aug 16 05:43:23 PM PDT 2026)
diamond v2.2.5.185 (C) Max Planck Society for the Advancement of Science, Benjamin J. Buchfink, University of Tuebingen
Documentation, support and updates available at http://www.diamondsearch.org
Please cite: http://dx.doi.org/10.1038/s41592-021-01101-x Nature Methods (2021)

#CPU threads: 64
Scoring parameters: (Matrix=BLOSUM62 Lambda=0.267 K=0.041 Penalties=11/1)
Database input file: dsim_proteins.fasta
Opening the database file...  [0s]
Loading sequences...  [0.032s]
Masking sequences...  [0.102s]
Writing sequences...  [0.013s]
Hashing sequences...  [0.003s]
Loading sequences...  [0.001s]
Writing trailer...  [0.001s]
Closing the input file...  [0s]
Closing the database file...  [0s]

Database sequences  26225
  Database letters  19540315
     Database hash  dfb2b60326fb4762a606b335f3b3ef89
        Total time  0.156000s
--- [diamond makedb dsim] done (Sun Aug 16 05:43:23 PM PDT 2026)
--- [diamond blastp dsim->dmel] starting (Sun Aug 16 05:43:23 PM PDT 2026)
diamond v2.2.5.185 (C) Max Planck Society for the Advancement of Science, Benjamin J. Buchfink, University of Tuebingen
Documentation, support and updates available at http://www.diamondsearch.org
Please cite: http://dx.doi.org/10.1038/s41592-021-01101-x Nature Methods (2021)

#CPU threads: 64
Scoring parameters: (Matrix=BLOSUM62 Lambda=0.267 K=0.041 Penalties=11/1)
Temporary directory: 
#Target sequences to report alignments for: 1
Opening the database...  [0s]
Database: dmel_db (type: Diamond database, sequences: 30845, letters: 20393746, build version: 185)
Block size = 2000000000
Opening the input file...  [0s]
Opening the output file...  [0s]
Loading query sequences...  [0.027s]
Loaded 20298534 bytes from disk at 703.729 MB/s
Masking queries...  [0.105s]
Masked letters:   tantan: 1561069  seg: 0  motif: 0
Algorithm: Double-indexed
Building query histograms...  [0.045s]
Seeking in database...  [0s]
Loading reference sequences...  [0.028s]
Masking reference...  [0.062s]
Masked letters:   tantan: 1556816  seg: 0  motif: 0
Initializing temporary storage...  [0.002s]
Building reference histograms...  [0.029s]
Allocating buffers...  [0s]
Processing query block 1, reference block 1/1, shape 1/2, index chunk 1/4.
Building reference seed array...  [0.017s]
Building query seed array...  [0.017s]
Computing hash join...  [0.008s]
Masking low complexity seeds...  [0.004s]
Searching alignments...  [0.202s]
Deallocating memory...  [0s]
Processing query block 1, reference block 1/1, shape 1/2, index chunk 2/4.
Building reference seed array...  [0.015s]
Building query seed array...  [0.014s]
Computing hash join...  [0.008s]
Masking low complexity seeds...  [0.005s]
Searching alignments...  [0.127s]
Deallocating memory...  [0s]
Processing query block 1, reference block 1/1, shape 1/2, index chunk 3/4.
Building reference seed array...  [0.016s]
Building query seed array...  [0.015s]
Computing hash join...  [0.006s]
Masking low complexity seeds...  [0.005s]
Searching alignments...  [0.117s]
Deallocating memory...  [0s]
Processing query block 1, reference block 1/1, shape 1/2, index chunk 4/4.
Building reference seed array...  [0.016s]
Building query seed array...  [0.015s]
Computing hash join...  [0.006s]
Masking low complexity seeds...  [0.005s]
Searching alignments...  [0.115s]
Deallocating memory...  [0s]
Processing query block 1, reference block 1/1, shape 2/2, index chunk 1/4.
Building reference seed array...  [0.016s]
Building query seed array...  [0.015s]
Computing hash join...  [0.008s]
Masking low complexity seeds...  [0.005s]
Searching alignments...  [0.144s]
Deallocating memory...  [0s]
Processing query block 1, reference block 1/1, shape 2/2, index chunk 2/4.
Building reference seed array...  [0.015s]
Building query seed array...  [0.015s]
Computing hash join...  [0.006s]
Masking low complexity seeds...  [0.004s]
Searching alignments...  [0.126s]
Deallocating memory...  [0s]
Processing query block 1, reference block 1/1, shape 2/2, index chunk 3/4.
Building reference seed array...  [0.014s]
Building query seed array...  [0.013s]
Computing hash join...  [0.005s]
Masking low complexity seeds...  [0.005s]
Searching alignments...  [0.115s]
Deallocating memory...  [0s]
Processing query block 1, reference block 1/1, shape 2/2, index chunk 4/4.
Building reference seed array...  [0.015s]
Building query seed array...  [0.016s]
Computing hash join...  [0.005s]
Masking low complexity seeds...  [0.005s]
Searching alignments...  [0.113s]
Deallocating memory...  [0s]
Deallocating buffers...  [0.007s]
Clearing query masking...  [0.004s]
Computing alignments...  [4.71s]
Deallocating reference...  [0.001s]
Loading reference sequences...  [0s]
Deallocating buffers...  [0s]
Deallocating queries...  [0s]
Loading query sequences...  [0.001s]
Closing the input file...  [0s]
Closing the output file...  [0s]
Closing the database...  [0s]
Cleaning up...  [0s]
Total time = 6.449s
Reported 25734 pairwise alignments, 25734 HSPs.
25734 queries aligned.
--- [diamond blastp dsim->dmel] done (Sun Aug 16 05:43:30 PM PDT 2026)
--- [diamond blastp dmel->dsim] starting (Sun Aug 16 05:43:30 PM PDT 2026)
diamond v2.2.5.185 (C) Max Planck Society for the Advancement of Science, Benjamin J. Buchfink, University of Tuebingen
Documentation, support and updates available at http://www.diamondsearch.org
Please cite: http://dx.doi.org/10.1038/s41592-021-01101-x Nature Methods (2021)

#CPU threads: 64
Scoring parameters: (Matrix=BLOSUM62 Lambda=0.267 K=0.041 Penalties=11/1)
Temporary directory: 
#Target sequences to report alignments for: 1
Opening the database...  [0s]
Database: dsim_db (type: Diamond database, sequences: 26225, letters: 19540315, build version: 185)
Block size = 2000000000
Opening the input file...  [0s]
Opening the output file...  [0s]
Loading query sequences...  [0.024s]
Loaded 21149915 bytes from disk at 809.298 MB/s
Masking queries...  [0.1s]
Masked letters:   tantan: 1556816  seg: 0  motif: 0
Algorithm: Double-indexed
Building query histograms...  [0.04s]
Seeking in database...  [0s]
Loading reference sequences...  [0.027s]
Masking reference...  [0.049s]
Masked letters:   tantan: 1561069  seg: 0  motif: 0
Initializing temporary storage...  [0.001s]
Building reference histograms...  [0.027s]
Allocating buffers...  [0s]
Processing query block 1, reference block 1/1, shape 1/2, index chunk 1/4.
Building reference seed array...  [0.016s]
Building query seed array...  [0.015s]
Computing hash join...  [0.013s]
Masking low complexity seeds...  [0.005s]
Searching alignments...  [0.204s]
Deallocating memory...  [0s]
Processing query block 1, reference block 1/1, shape 1/2, index chunk 2/4.
Building reference seed array...  [0.021s]
Building query seed array...  [0.021s]
Computing hash join...  [0.005s]
Masking low complexity seeds...  [0.004s]
Searching alignments...  [0.126s]
Deallocating memory...  [0s]
Processing query block 1, reference block 1/1, shape 1/2, index chunk 3/4.
Building reference seed array...  [0.012s]
Building query seed array...  [0.014s]
Computing hash join...  [0.006s]
Masking low complexity seeds...  [0.005s]
Searching alignments...  [0.121s]
Deallocating memory...  [0s]
Processing query block 1, reference block 1/1, shape 1/2, index chunk 4/4.
Building reference seed array...  [0.014s]
Building query seed array...  [0.014s]
Computing hash join...  [0.005s]
Masking low complexity seeds...  [0.004s]
Searching alignments...  [0.113s]
Deallocating memory...  [0s]
Processing query block 1, reference block 1/1, shape 2/2, index chunk 1/4.
Building reference seed array...  [0.012s]
Building query seed array...  [0.014s]
Computing hash join...  [0.005s]
Masking low complexity seeds...  [0.005s]
Searching alignments...  [0.141s]
Deallocating memory...  [0s]
Processing query block 1, reference block 1/1, shape 2/2, index chunk 2/4.
Building reference seed array...  [0.012s]
Building query seed array...  [0.014s]
Computing hash join...  [0.005s]
Masking low complexity seeds...  [0.005s]
Searching alignments...  [0.125s]
Deallocating memory...  [0s]
Processing query block 1, reference block 1/1, shape 2/2, index chunk 3/4.
Building reference seed array...  [0.012s]
Building query seed array...  [0.014s]
Computing hash join...  [0.006s]
Masking low complexity seeds...  [0.005s]
Searching alignments...  [0.116s]
Deallocating memory...  [0s]
Processing query block 1, reference block 1/1, shape 2/2, index chunk 4/4.
Building reference seed array...  [0.012s]
Building query seed array...  [0.013s]
Computing hash join...  [0.005s]
Masking low complexity seeds...  [0.005s]
Searching alignments...  [0.111s]
Deallocating memory...  [0s]
Deallocating buffers...  [0.007s]
Clearing query masking...  [0.004s]
Computing alignments...  [6.395s]
Deallocating reference...  [0.001s]
Loading reference sequences...  [0s]
Deallocating buffers...  [0s]
Deallocating queries...  [0s]
Loading query sequences...  [0.001s]
Closing the input file...  [0s]
Closing the output file...  [0s]
Closing the database...  [0s]
Cleaning up...  [0s]
Total time = 8.083s
Reported 30631 pairwise alignments, 30631 HSPs.
30631 queries aligned.
--- [diamond blastp dmel->dsim] done (Sun Aug 16 05:43:38 PM PDT 2026)
Genes in A: 13876, genes in B: 13834, reciprocal best-hit gene pairs: 13397
=== copying results back to $WORKDIR (NFS) ===
Done. Genome-wide ortholog table: /private/groups/russelllab/jodie/scRNAseq/reference/orthologs/dmel_dsim_orthologs_rbh.tsv
Columns: Dsim(gene_id) Dmel(gene_id) pident evalue bitscore
Cleaning up local scratch: /data/tmp/dmel_dsim_rbh_36792030
Sun Aug 16 05:43:46 PM PDT 2026
