Sun Aug 16 05:41:13 PM PDT 2026
phoenix-08.prism
/private/groups/russelllab/jodie/scRNAseq/Lum_et_al_2027_scRNAseq_Wolbachia_infected_embryos_and_primary_cell_lines
=== memory ===
               total        used        free      shared  buff/cache   available
Mem:           2.0Ti        16Gi       1.5Ti       239Mi       437Gi       1.9Ti
Swap:           31Gi       518Mi        31Gi
Using local scratch: /data/tmp/dmel_dsim_rbh_par_36792032
Filesystem        Size  Used Avail Use% Mounted on
/dev/mapper/data   14T  1.3T   13T   9% /data
Threads per parallel diamond job: 32 (of 64 total)
=== copying inputs to local scratch (parallel) ===
===== [copy dmel fasta] log =====
--- [copy dmel fasta] starting (Sun Aug 16 05:41:13 PM PDT 2026)
--- [copy dmel fasta] done (Sun Aug 16 05:41:15 PM PDT 2026)
===== [copy dmel gtf] log =====
--- [copy dmel gtf] starting (Sun Aug 16 05:41:13 PM PDT 2026)
--- [copy dmel gtf] done (Sun Aug 16 05:41:14 PM PDT 2026)
===== [copy dsim fasta] log =====
--- [copy dsim fasta] starting (Sun Aug 16 05:41:13 PM PDT 2026)
--- [copy dsim fasta] done (Sun Aug 16 05:41:15 PM PDT 2026)
===== [copy dsim gtf] log =====
--- [copy dsim gtf] starting (Sun Aug 16 05:41:13 PM PDT 2026)
--- [copy dsim gtf] done (Sun Aug 16 05:41:15 PM PDT 2026)
=== gffread extraction (parallel) ===
===== [gffread dmel] log =====
--- [gffread dmel] starting (Sun Aug 16 05:41:32 PM PDT 2026)
FASTA index file dmel_genome.fasta.fai created.
--- [gffread dmel] done (Sun Aug 16 05:41:35 PM PDT 2026)
===== [gffread dsim] log =====
--- [gffread dsim] starting (Sun Aug 16 05:41:32 PM PDT 2026)
FASTA index file dsim_genome.fasta.fai created.
--- [gffread dsim] done (Sun Aug 16 05:41:35 PM PDT 2026)
=== sanitizing protein FASTAs (parallel) ===
===== [sanitize dmel proteins] log =====
--- [sanitize dmel proteins] starting (Sun Aug 16 05:41:35 PM PDT 2026)
[dmel_proteins.raw.fasta] 30845 sequences, 583 contained non-standard characters, 2084 character(s) replaced with 'X', re-wrapped at 60 cols -> dmel_proteins.fasta
  replaced character counts: '.':2084
  longest sequence: 22949 aa, >FBtr0332345
--- [sanitize dmel proteins] done (Sun Aug 16 05:41:43 PM PDT 2026)
===== [sanitize dsim proteins] log =====
--- [sanitize dsim proteins] starting (Sun Aug 16 05:41:35 PM PDT 2026)
[dsim_proteins.raw.fasta] 26225 sequences, 84 contained non-standard characters, 99 character(s) replaced with 'X', re-wrapped at 60 cols -> dsim_proteins.fasta
  replaced character counts: '.':99
  longest sequence: 18666 aa, >XM_039292872.2
--- [sanitize dsim proteins] done (Sun Aug 16 05:41:43 PM PDT 2026)
gffread extracted 30845 dmel proteins, 26225 dsim proteins
[dmel.gtf] 35736 total id -> gene_id pairs (531707 transcript_id rows, 0 protein_id rows seen)
NOTE: no protein_id attribute found in this GTF -- gffread -y will fall back to transcript_id for FASTA headers here, which this map already covers.
[dsim.gtf] 55015 total id -> gene_id pairs (427044 transcript_id rows, 213423 protein_id rows seen)
=== diamond makedb (parallel, 32 threads each) ===
===== [diamond makedb dmel] log =====
--- [diamond makedb dmel] starting (Sun Aug 16 05:41:52 PM PDT 2026)
diamond v2.2.5.185 (C) Max Planck Society for the Advancement of Science, Benjamin J. Buchfink, University of Tuebingen
Documentation, support and updates available at http://www.diamondsearch.org
Please cite: http://dx.doi.org/10.1038/s41592-021-01101-x Nature Methods (2021)

#CPU threads: 32
Scoring parameters: (Matrix=BLOSUM62 Lambda=0.267 K=0.041 Penalties=11/1)
Database input file: dmel_proteins.fasta
Opening the database file...  [0s]
Loading sequences...  [0.038s]
Masking sequences...  [0.094s]
Writing sequences...  [0.016s]
Hashing sequences...  [0.003s]
Loading sequences...  [0.001s]
Writing trailer...  [0.001s]
Closing the input file...  [0s]
Closing the database file...  [0s]

Database sequences  30845
  Database letters  20393746
     Database hash  4a16f2734cee70b8c8dd30ded54e4be8
        Total time  0.156000s
--- [diamond makedb dmel] done (Sun Aug 16 05:41:54 PM PDT 2026)
===== [diamond makedb dsim] log =====
--- [diamond makedb dsim] starting (Sun Aug 16 05:41:52 PM PDT 2026)
diamond v2.2.5.185 (C) Max Planck Society for the Advancement of Science, Benjamin J. Buchfink, University of Tuebingen
Documentation, support and updates available at http://www.diamondsearch.org
Please cite: http://dx.doi.org/10.1038/s41592-021-01101-x Nature Methods (2021)

#CPU threads: 32
Scoring parameters: (Matrix=BLOSUM62 Lambda=0.267 K=0.041 Penalties=11/1)
Database input file: dsim_proteins.fasta
Opening the database file...  [0s]
Loading sequences...  [0.036s]
Masking sequences...  [0.101s]
Writing sequences...  [0.012s]
Hashing sequences...  [0.003s]
Loading sequences...  [0.001s]
Writing trailer...  [0.001s]
Closing the input file...  [0s]
Closing the database file...  [0s]

Database sequences  26225
  Database letters  19540315
     Database hash  dfb2b60326fb4762a606b335f3b3ef89
        Total time  0.157000s
--- [diamond makedb dsim] done (Sun Aug 16 05:41:54 PM PDT 2026)
=== diamond blastp (parallel, 32 threads each) ===
===== [diamond blastp dsim->dmel] log =====
--- [diamond blastp dsim->dmel] starting (Sun Aug 16 05:41:54 PM PDT 2026)
diamond v2.2.5.185 (C) Max Planck Society for the Advancement of Science, Benjamin J. Buchfink, University of Tuebingen
Documentation, support and updates available at http://www.diamondsearch.org
Please cite: http://dx.doi.org/10.1038/s41592-021-01101-x Nature Methods (2021)

#CPU threads: 32
Scoring parameters: (Matrix=BLOSUM62 Lambda=0.267 K=0.041 Penalties=11/1)
Temporary directory: 
#Target sequences to report alignments for: 1
Opening the database...  [0s]
Database: dmel_db (type: Diamond database, sequences: 30845, letters: 20393746, build version: 185)
Block size = 2000000000
Opening the input file...  [0s]
Opening the output file...  [0s]
Loading query sequences...  [0.02s]
Loaded 20298534 bytes from disk at 948.652 MB/s
Masking queries...  [0.082s]
Masked letters:   tantan: 1561069  seg: 0  motif: 0
Algorithm: Double-indexed
Building query histograms...  [0.11s]
Seeking in database...  [0s]
Loading reference sequences...  [0.026s]
Masking reference...  [0.095s]
Masked letters:   tantan: 1556816  seg: 0  motif: 0
Initializing temporary storage...  [0.001s]
Building reference histograms...  [0.063s]
Allocating buffers...  [0s]
Processing query block 1, reference block 1/1, shape 1/2, index chunk 1/4.
Building reference seed array...  [0.026s]
Building query seed array...  [0.019s]
Computing hash join...  [0.03s]
Masking low complexity seeds...  [0.014s]
Searching alignments...  [0.434s]
Deallocating memory...  [0s]
Processing query block 1, reference block 1/1, shape 1/2, index chunk 2/4.
Building reference seed array...  [0.041s]
Building query seed array...  [0.088s]
Computing hash join...  [0.017s]
Masking low complexity seeds...  [0.012s]
Searching alignments...  [0.238s]
Deallocating memory...  [0s]
Processing query block 1, reference block 1/1, shape 1/2, index chunk 3/4.
Building reference seed array...  [0.063s]
Building query seed array...  [0.061s]
Computing hash join...  [0.011s]
Masking low complexity seeds...  [0.005s]
Searching alignments...  [0.176s]
Deallocating memory...  [0s]
Processing query block 1, reference block 1/1, shape 1/2, index chunk 4/4.
Building reference seed array...  [0.069s]
Building query seed array...  [0.064s]
Computing hash join...  [0.007s]
Masking low complexity seeds...  [0.006s]
Searching alignments...  [0.168s]
Deallocating memory...  [0s]
Processing query block 1, reference block 1/1, shape 2/2, index chunk 1/4.
Building reference seed array...  [0.023s]
Building query seed array...  [0.085s]
Computing hash join...  [0.023s]
Masking low complexity seeds...  [0.014s]
Searching alignments...  [0.275s]
Deallocating memory...  [0s]
Processing query block 1, reference block 1/1, shape 2/2, index chunk 2/4.
Building reference seed array...  [0.077s]
Building query seed array...  [0.052s]
Computing hash join...  [0.005s]
Masking low complexity seeds...  [0.004s]
Searching alignments...  [0.208s]
Deallocating memory...  [0s]
Processing query block 1, reference block 1/1, shape 2/2, index chunk 3/4.
Building reference seed array...  [0.066s]
Building query seed array...  [0.057s]
Computing hash join...  [0.005s]
Masking low complexity seeds...  [0.005s]
Searching alignments...  [0.188s]
Deallocating memory...  [0s]
Processing query block 1, reference block 1/1, shape 2/2, index chunk 4/4.
Building reference seed array...  [0.078s]
Building query seed array...  [0.059s]
Computing hash join...  [0.005s]
Masking low complexity seeds...  [0.004s]
Searching alignments...  [0.192s]
Deallocating memory...  [0s]
Deallocating buffers...  [0.008s]
Clearing query masking...  [0.008s]
Computing alignments...  [6.35s]
Deallocating reference...  [0.001s]
Loading reference sequences...  [0s]
Deallocating buffers...  [0s]
Deallocating queries...  [0s]
Loading query sequences...  [0.002s]
Closing the input file...  [0s]
Closing the output file...  [0s]
Closing the database...  [0s]
Cleaning up...  [0s]
Total time = 9.774s
Reported 25734 pairwise alignments, 25734 HSPs.
25734 queries aligned.
--- [diamond blastp dsim->dmel] done (Sun Aug 16 05:42:04 PM PDT 2026)
===== [diamond blastp dmel->dsim] log =====
--- [diamond blastp dmel->dsim] starting (Sun Aug 16 05:41:54 PM PDT 2026)
diamond v2.2.5.185 (C) Max Planck Society for the Advancement of Science, Benjamin J. Buchfink, University of Tuebingen
Documentation, support and updates available at http://www.diamondsearch.org
Please cite: http://dx.doi.org/10.1038/s41592-021-01101-x Nature Methods (2021)

#CPU threads: 32
Scoring parameters: (Matrix=BLOSUM62 Lambda=0.267 K=0.041 Penalties=11/1)
Temporary directory: 
#Target sequences to report alignments for: 1
Opening the database...  [0s]
Database: dsim_db (type: Diamond database, sequences: 26225, letters: 19540315, build version: 185)
Block size = 2000000000
Opening the input file...  [0s]
Opening the output file...  [0s]
Loading query sequences...  [0.021s]
Loaded 21149915 bytes from disk at 917.45 MB/s
Masking queries...  [0.092s]
Masked letters:   tantan: 1556816  seg: 0  motif: 0
Algorithm: Double-indexed
Building query histograms...  [0.094s]
Seeking in database...  [0s]
Loading reference sequences...  [0.024s]
Masking reference...  [0.062s]
Masked letters:   tantan: 1561069  seg: 0  motif: 0
Initializing temporary storage...  [0.002s]
Building reference histograms...  [0.08s]
Allocating buffers...  [0s]
Processing query block 1, reference block 1/1, shape 1/2, index chunk 1/4.
Building reference seed array...  [0.035s]
Building query seed array...  [0.022s]
Computing hash join...  [0.027s]
Masking low complexity seeds...  [0.006s]
Searching alignments...  [0.398s]
Deallocating memory...  [0s]
Processing query block 1, reference block 1/1, shape 1/2, index chunk 2/4.
Building reference seed array...  [0.051s]
Building query seed array...  [0.03s]
Computing hash join...  [0.007s]
Masking low complexity seeds...  [0.005s]
Searching alignments...  [0.206s]
Deallocating memory...  [0s]
Processing query block 1, reference block 1/1, shape 1/2, index chunk 3/4.
Building reference seed array...  [0.065s]
Building query seed array...  [0.06s]
Computing hash join...  [0.009s]
Masking low complexity seeds...  [0.005s]
Searching alignments...  [0.175s]
Deallocating memory...  [0s]
Processing query block 1, reference block 1/1, shape 1/2, index chunk 4/4.
Building reference seed array...  [0.076s]
Building query seed array...  [0.065s]
Computing hash join...  [0.006s]
Masking low complexity seeds...  [0.005s]
Searching alignments...  [0.196s]
Deallocating memory...  [0s]
Processing query block 1, reference block 1/1, shape 2/2, index chunk 1/4.
Building reference seed array...  [0.074s]
Building query seed array...  [0.043s]
Computing hash join...  [0.006s]
Masking low complexity seeds...  [0.012s]
Searching alignments...  [0.233s]
Deallocating memory...  [0s]
Processing query block 1, reference block 1/1, shape 2/2, index chunk 2/4.
Building reference seed array...  [0.067s]
Building query seed array...  [0.066s]
Computing hash join...  [0.006s]
Masking low complexity seeds...  [0.005s]
Searching alignments...  [0.19s]
Deallocating memory...  [0s]
Processing query block 1, reference block 1/1, shape 2/2, index chunk 3/4.
Building reference seed array...  [0.069s]
Building query seed array...  [0.057s]
Computing hash join...  [0.009s]
Masking low complexity seeds...  [0.006s]
Searching alignments...  [0.19s]
Deallocating memory...  [0s]
Processing query block 1, reference block 1/1, shape 2/2, index chunk 4/4.
Building reference seed array...  [0.067s]
Building query seed array...  [0.062s]
Computing hash join...  [0.008s]
Masking low complexity seeds...  [0.006s]
Searching alignments...  [0.166s]
Deallocating memory...  [0s]
Deallocating buffers...  [0.005s]
Clearing query masking...  [0.003s]
Computing alignments...  [7.888s]
Deallocating reference...  [0.001s]
Loading reference sequences...  [0s]
Deallocating buffers...  [0s]
Deallocating queries...  [0s]
Loading query sequences...  [0.001s]
Closing the input file...  [0s]
Closing the output file...  [0s]
Closing the database...  [0s]
Cleaning up...  [0s]
Total time = 11.095s
Reported 30631 pairwise alignments, 30631 HSPs.
30631 queries aligned.
--- [diamond blastp dmel->dsim] done (Sun Aug 16 05:42:05 PM PDT 2026)
Genes in A: 13876, genes in B: 13834, reciprocal best-hit gene pairs: 13397
=== copying results back to $WORKDIR (NFS) ===
Done. Genome-wide ortholog table: /private/groups/russelllab/jodie/scRNAseq/reference/orthologs/dmel_dsim_orthologs_rbh.tsv
Columns: Dsim(gene_id) Dmel(gene_id) pident evalue bitscore
Cleaning up local scratch: /data/tmp/dmel_dsim_rbh_par_36792032
Sun Aug 16 05:42:13 PM PDT 2026
