Fri Aug 14 03:42:37 PM PDT 2026
phoenix-07.prism
/private/groups/russelllab/jodie/scRNAseq/Lum_et_al_2027_scRNAseq_Wolbachia_infected_embryos_and_primary_cell_lines
=== memory ===
               total        used        free      shared  buff/cache   available
Mem:           2.0Ti       332Gi       1.1Ti       709Mi       542Gi       1.6Ti
Swap:           31Gi       846Mi        31Gi
Using local scratch: /data/tmp/dmel_dsim_rbh_36787149
Filesystem        Size  Used Avail Use% Mounted on
/dev/mapper/data   14T  1.1T   13T   8% /data
=== copying inputs to local scratch ===
--- [copy dmel fasta] starting (Fri Aug 14 03:42:37 PM PDT 2026)
--- [copy dmel fasta] done (Fri Aug 14 03:42:39 PM PDT 2026)
--- [copy dmel gtf] starting (Fri Aug 14 03:42:39 PM PDT 2026)
--- [copy dmel gtf] done (Fri Aug 14 03:42:40 PM PDT 2026)
--- [copy dsim fasta] starting (Fri Aug 14 03:42:40 PM PDT 2026)
--- [copy dsim fasta] done (Fri Aug 14 03:42:43 PM PDT 2026)
--- [copy dsim gtf] starting (Fri Aug 14 03:42:43 PM PDT 2026)
--- [copy dsim gtf] done (Fri Aug 14 03:42:45 PM PDT 2026)
--- [gffread dmel] starting (Fri Aug 14 03:43:23 PM PDT 2026)
FASTA index file dmel_genome.fasta.fai created.
--- [gffread dmel] done (Fri Aug 14 03:43:26 PM PDT 2026)
--- [gffread dsim] starting (Fri Aug 14 03:43:26 PM PDT 2026)
FASTA index file dsim_genome.fasta.fai created.
--- [gffread dsim] done (Fri Aug 14 03:43:29 PM PDT 2026)
gffread extracted 30845 dmel proteins, 26225 dsim proteins
[dmel.gtf] 35736 total id -> gene_id pairs (531707 transcript_id rows, 0 protein_id rows seen)
NOTE: no protein_id attribute found in this GTF -- gffread -y will fall back to transcript_id for FASTA headers here, which this map already covers.
[dsim.gtf] 55015 total id -> gene_id pairs (427044 transcript_id rows, 213423 protein_id rows seen)
--- [diamond makedb dmel] starting (Fri Aug 14 03:43:37 PM PDT 2026)
diamond v2.2.5.185 (C) Max Planck Society for the Advancement of Science, Benjamin J. Buchfink, University of Tuebingen
Documentation, support and updates available at http://www.diamondsearch.org
Please cite: http://dx.doi.org/10.1038/s41592-021-01101-x Nature Methods (2021)

#CPU threads: 64
Scoring parameters: (Matrix=BLOSUM62 Lambda=0.267 K=0.041 Penalties=11/1)
Database input file: dmel_proteins.fasta
Opening the database file...  [0s]
Loading sequences... slurmstepd-phoenix-07: error: *** JOB 36787149 ON phoenix-07 CANCELLED AT 2026-08-14T15:46:29 ***
