Sun Aug 16 04:41:59 PM PDT 2026
phoenix-07.prism
/private/groups/russelllab/jodie/scRNAseq/Lum_et_al_2027_scRNAseq_Wolbachia_infected_embryos_and_primary_cell_lines
=== memory ===
               total        used        free      shared  buff/cache   available
Mem:           2.0Ti       474Gi       1.1Ti       709Mi       395Gi       1.5Ti
Swap:           31Gi       855Mi        31Gi
Using local scratch: /data/tmp/dmel_dsim_rbh_36791942
Filesystem        Size  Used Avail Use% Mounted on
/dev/mapper/data   14T  637G   14T   5% /data
=== copying inputs to local scratch ===
--- [copy dmel fasta] starting (Sun Aug 16 04:42:00 PM PDT 2026)
--- [copy dmel fasta] done (Sun Aug 16 04:42:02 PM PDT 2026)
--- [copy dmel gtf] starting (Sun Aug 16 04:42:02 PM PDT 2026)
--- [copy dmel gtf] done (Sun Aug 16 04:42:03 PM PDT 2026)
--- [copy dsim fasta] starting (Sun Aug 16 04:42:03 PM PDT 2026)
--- [copy dsim fasta] done (Sun Aug 16 04:42:05 PM PDT 2026)
--- [copy dsim gtf] starting (Sun Aug 16 04:42:05 PM PDT 2026)
--- [copy dsim gtf] done (Sun Aug 16 04:42:07 PM PDT 2026)
--- [gffread dmel] starting (Sun Aug 16 04:43:07 PM PDT 2026)
FASTA index file dmel_genome.fasta.fai created.
--- [gffread dmel] done (Sun Aug 16 04:43:09 PM PDT 2026)
--- [gffread dsim] starting (Sun Aug 16 04:43:09 PM PDT 2026)
FASTA index file dsim_genome.fasta.fai created.
--- [gffread dsim] done (Sun Aug 16 04:43:12 PM PDT 2026)
gffread extracted 30845 dmel proteins, 26225 dsim proteins
[dmel.gtf] 35736 total id -> gene_id pairs (531707 transcript_id rows, 0 protein_id rows seen)
NOTE: no protein_id attribute found in this GTF -- gffread -y will fall back to transcript_id for FASTA headers here, which this map already covers.
[dsim.gtf] 55015 total id -> gene_id pairs (427044 transcript_id rows, 213423 protein_id rows seen)
--- [diamond makedb dmel] starting (Sun Aug 16 04:43:20 PM PDT 2026)
diamond v2.2.5.185 (C) Max Planck Society for the Advancement of Science, Benjamin J. Buchfink, University of Tuebingen
Documentation, support and updates available at http://www.diamondsearch.org
Please cite: http://dx.doi.org/10.1038/s41592-021-01101-x Nature Methods (2021)

#CPU threads: 64
Scoring parameters: (Matrix=BLOSUM62 Lambda=0.267 K=0.041 Penalties=11/1)
Database input file: dmel_proteins.fasta
Opening the database file...  [0s]
Loading sequences... ERROR: [diamond makedb dmel] timed out after 30m with no progress.
  Host: phoenix-07.prism  Scratch: /data/tmp/dmel_dsim_rbh_36791942
Filesystem        Size  Used Avail Use% Mounted on
/dev/mapper/data   14T  637G   14T   5% /data
  If this keeps happening: check node health, local disk space above, and whether $SCRATCH_BASE is genuinely node-local (not another network mount) on this cluster.
